2026-05-29T13:06:35.201-04:00  INFO 10180 --- [envio] [main] com.envio.envio.EnvioApplication         : Starting EnvioApplication using Java 25 with PID 10180 (C:\Users\Bayro\OneDrive\Desktop\bibliomusic\envio\envio\envio\target\classes started by Bayro in C:\Users\Bayro\OneDrive\Desktop\bibliomusic\envio\envio\envio)
2026-05-29T13:06:35.209-04:00 DEBUG 10180 --- [envio] [main] com.envio.envio.EnvioApplication         : Running with Spring Boot v4.0.6, Spring v7.0.7
2026-05-29T13:06:35.211-04:00  INFO 10180 --- [envio] [main] com.envio.envio.EnvioApplication         : No active profile set, falling back to 1 default profile: "default"
2026-05-29T13:06:35.842-04:00  INFO 10180 --- [envio] [main] .s.d.r.c.RepositoryConfigurationDelegate : Bootstrapping Spring Data JPA repositories in DEFAULT mode.
2026-05-29T13:06:35.911-04:00  INFO 10180 --- [envio] [main] .s.d.r.c.RepositoryConfigurationDelegate : Finished Spring Data repository scanning in 57 ms. Found 1 JPA repository interface.
2026-05-29T13:06:36.503-04:00  INFO 10180 --- [envio] [main] o.s.boot.tomcat.TomcatWebServer          : Tomcat initialized with port 8085 (http)
2026-05-29T13:06:36.518-04:00  INFO 10180 --- [envio] [main] o.apache.catalina.core.StandardService   : Starting service [Tomcat]
2026-05-29T13:06:36.519-04:00  INFO 10180 --- [envio] [main] o.apache.catalina.core.StandardEngine    : Starting Servlet engine: [Apache Tomcat/11.0.21]
2026-05-29T13:06:36.590-04:00  INFO 10180 --- [envio] [main] b.w.c.s.WebApplicationContextInitializer : Root WebApplicationContext: initialization completed in 1329 ms
2026-05-29T13:06:36.725-04:00  INFO 10180 --- [envio] [main] com.zaxxer.hikari.HikariDataSource       : HikariPool-1 - Starting...
2026-05-29T13:06:36.901-04:00  INFO 10180 --- [envio] [main] com.zaxxer.hikari.pool.HikariPool        : HikariPool-1 - Added connection com.mysql.cj.jdbc.ConnectionImpl@6b4125ed
2026-05-29T13:06:36.904-04:00  INFO 10180 --- [envio] [main] com.zaxxer.hikari.HikariDataSource       : HikariPool-1 - Start completed.
2026-05-29T13:06:38.187-04:00  INFO 10180 --- [envio] [main] liquibase.ui                             : INFO: The drop-all command may result in unrecoverable destructive changes to objects at 'jdbc:mysql://localhost:3306/dbenvio?createDatabaseIfNotExist=true'.
To protect against unwanted drops, set --requireForce=true, which will require a --force=true flag on the command.
Learn more at https://docs.liquibase.com/dropall.

2026-05-29T13:06:38.311-04:00  INFO 10180 --- [envio] [main] liquibase.lockservice                    : Successfully acquired change log lock
2026-05-29T13:06:38.316-04:00  INFO 10180 --- [envio] [main] liquibase.command                        : Dropping Database Objects in schema: dbenvio.dbenvio
2026-05-29T13:06:38.320-04:00  INFO 10180 --- [envio] [main] liquibase.snapshot                       : Creating snapshot
2026-05-29T13:06:38.741-04:00  INFO 10180 --- [envio] [main] liquibase.database                       : Successfully deleted all supported object types in schema dbenvio.dbenvio.
2026-05-29T13:06:38.743-04:00  INFO 10180 --- [envio] [main] liquibase.snapshot                       : Creating snapshot
2026-05-29T13:06:38.746-04:00  WARN 10180 --- [envio] [main] liquibase.lockservice                    : Failed to release change log lock
2026-05-29T13:06:38.748-04:00  INFO 10180 --- [envio] [main] liquibase.ui                             : All objects dropped from root@localhost@jdbc:mysql://localhost:3306/dbenvio?createDatabaseIfNotExist=true
2026-05-29T13:06:38.749-04:00  INFO 10180 --- [envio] [main] liquibase.command                        : Command execution complete
2026-05-29T13:06:38.797-04:00  INFO 10180 --- [envio] [main] liquibase.changelog                      : Creating database changelog table with name: dbenvio.databasechangelog
2026-05-29T13:06:38.813-04:00  INFO 10180 --- [envio] [main] liquibase.changelog                      : Reading from dbenvio.databasechangelog
2026-05-29T13:06:38.819-04:00  INFO 10180 --- [envio] [main] liquibase.snapshot                       : Creating snapshot
2026-05-29T13:06:38.845-04:00  INFO 10180 --- [envio] [main] liquibase.ui                             : Name 'PK_DATABASECHANGELOGLOCK' ignored for PRIMARY key.
2026-05-29T13:06:38.875-04:00  INFO 10180 --- [envio] [main] liquibase.lockservice                    : Successfully acquired change log lock
2026-05-29T13:06:38.876-04:00  INFO 10180 --- [envio] [main] liquibase.command                        : Using deploymentId: 0074396709
2026-05-29T13:06:38.879-04:00  INFO 10180 --- [envio] [main] liquibase.changelog                      : Reading from dbenvio.databasechangelog
2026-05-29T13:06:38.889-04:00  INFO 10180 --- [envio] [main] liquibase.ui                             : Running Changeset: db/changelog/db.envio.sql::12::alvarita
2026-05-29T13:06:38.907-04:00  INFO 10180 --- [envio] [main] liquibase.changelog                      : Custom SQL executed
2026-05-29T13:06:38.909-04:00  INFO 10180 --- [envio] [main] liquibase.changelog                      : ChangeSet db/changelog/db.envio.sql::12::alvarita ran successfully in 19ms
2026-05-29T13:06:38.919-04:00  INFO 10180 --- [envio] [main] liquibase.ui                             : Running Changeset: db/changelog/db.envio.sql::13::alvarita
2026-05-29T13:06:38.928-04:00  INFO 10180 --- [envio] [main] liquibase.changelog                      : Custom SQL executed
2026-05-29T13:06:38.930-04:00  INFO 10180 --- [envio] [main] liquibase.changelog                      : ChangeSet db/changelog/db.envio.sql::13::alvarita ran successfully in 11ms
2026-05-29T13:06:38.939-04:00  INFO 10180 --- [envio] [main] liquibase.util                           : UPDATE SUMMARY
2026-05-29T13:06:38.939-04:00  INFO 10180 --- [envio] [main] liquibase.util                           : Run:                          2
2026-05-29T13:06:38.939-04:00  INFO 10180 --- [envio] [main] liquibase.util                           : Previously run:               0
2026-05-29T13:06:38.940-04:00  INFO 10180 --- [envio] [main] liquibase.util                           : Filtered out:                 0
2026-05-29T13:06:38.940-04:00  INFO 10180 --- [envio] [main] liquibase.util                           : -------------------------------
2026-05-29T13:06:38.940-04:00  INFO 10180 --- [envio] [main] liquibase.util                           : Total change sets:            2
2026-05-29T13:06:38.941-04:00  INFO 10180 --- [envio] [main] liquibase.util                           : Update summary generated
2026-05-29T13:06:38.944-04:00  INFO 10180 --- [envio] [main] liquibase.command                        : Update command completed successfully.
2026-05-29T13:06:38.945-04:00  INFO 10180 --- [envio] [main] liquibase.ui                             : Liquibase: Update has been successful. Rows affected: 10
2026-05-29T13:06:38.949-04:00  INFO 10180 --- [envio] [main] liquibase.lockservice                    : Successfully released change log lock
2026-05-29T13:06:38.950-04:00  INFO 10180 --- [envio] [main] liquibase.command                        : Command execution complete
2026-05-29T13:06:39.033-04:00  INFO 10180 --- [envio] [main] org.hibernate.orm.jpa                    : HHH008540: Processing PersistenceUnitInfo [name: default]
2026-05-29T13:06:39.084-04:00  INFO 10180 --- [envio] [main] org.hibernate.orm.core                   : HHH000001: Hibernate ORM core version 7.2.12.Final
2026-05-29T13:06:39.539-04:00  INFO 10180 --- [envio] [main] o.s.o.j.p.SpringPersistenceUnitInfo      : No LoadTimeWeaver setup: ignoring JPA class transformer
2026-05-29T13:06:39.603-04:00  WARN 10180 --- [envio] [main] org.hibernate.orm.core                   : HHH000511: The 5.5.5 version for [org.hibernate.dialect.MySQLDialect] is no longer supported, hence certain features may not work properly.The minimum supported version is 8.0.0. Check the community dialects project for available legacy versions.
2026-05-29T13:06:39.622-04:00  INFO 10180 --- [envio] [main] org.hibernate.orm.connections.pooling    : HHH10001005: Database info:
	Database JDBC URL [jdbc:mysql://localhost:3306/dbenvio?createDatabaseIfNotExist=true]
	Database driver: MySQL Connector/J
	Database dialect: MySQLDialect
	Database version: 5.5.5
	Default catalog/schema: dbenvio/undefined
	Autocommit mode: undefined/unknown
	Isolation level: REPEATABLE_READ [default REPEATABLE_READ]
	JDBC fetch size: none
	Pool: DataSourceConnectionProvider
	Minimum pool size: undefined/unknown
	Maximum pool size: undefined/unknown
2026-05-29T13:06:40.355-04:00  INFO 10180 --- [envio] [main] org.hibernate.orm.core                   : HHH000489: No JTA platform available (set 'hibernate.transaction.jta.platform' to enable JTA platform integration)
2026-05-29T13:06:40.364-04:00  INFO 10180 --- [envio] [main] j.LocalContainerEntityManagerFactoryBean : Initialized JPA EntityManagerFactory for persistence unit 'default'
2026-05-29T13:06:40.443-04:00  INFO 10180 --- [envio] [main] o.s.d.j.r.query.QueryEnhancerFactories   : Hibernate is in classpath; If applicable, HQL parser will be used.
2026-05-29T13:06:40.973-04:00  WARN 10180 --- [envio] [main] JpaBaseConfiguration$JpaWebConfiguration : spring.jpa.open-in-view is enabled by default. Therefore, database queries may be performed during view rendering. Explicitly configure spring.jpa.open-in-view to disable this warning
2026-05-29T13:06:41.240-04:00  INFO 10180 --- [envio] [main] o.s.boot.tomcat.TomcatWebServer          : Tomcat started on port 8085 (http) with context path '/'
2026-05-29T13:06:41.245-04:00  INFO 10180 --- [envio] [main] com.envio.envio.EnvioApplication         : Started EnvioApplication in 6.577 seconds (process running for 6.963)
2026-05-29T13:07:24.039-04:00  INFO 10180 --- [envio] [http-nio-8085-exec-1] o.a.c.c.C.[Tomcat].[localhost].[/]       : Initializing Spring DispatcherServlet 'dispatcherServlet'
2026-05-29T13:07:24.040-04:00  INFO 10180 --- [envio] [http-nio-8085-exec-1] o.s.web.servlet.DispatcherServlet        : Initializing Servlet 'dispatcherServlet'
2026-05-29T13:07:24.041-04:00  INFO 10180 --- [envio] [http-nio-8085-exec-1] o.s.web.servlet.DispatcherServlet        : Completed initialization in 1 ms
2026-05-29T13:07:24.089-04:00 DEBUG 10180 --- [envio] [http-nio-8085-exec-1] com.envio.envio.service.EnvioService     : Conectando con el microservicio de login en el puerto 8080...
2026-05-29T13:15:01.125-04:00 DEBUG 10180 --- [envio] [http-nio-8085-exec-3] com.envio.envio.service.EnvioService     : Conectando con el microservicio de login en el puerto 8080...
2026-05-29T13:15:13.827-04:00 DEBUG 10180 --- [envio] [http-nio-8085-exec-6] com.envio.envio.service.EnvioService     : Conectando con el microservicio de login en el puerto 8080...
