2026-06-19T14:18:06.100-04:00  INFO 34024 --- [pago] [main] com.pago.pago.PagoApplication            : Starting PagoApplication using Java 25 with PID 34024 (C:\Users\Bayro\OneDrive\Desktop\bibliomusic\pago\pago\pago\target\classes started by Bayro in C:\Users\Bayro\OneDrive\Desktop\bibliomusic\pago\pago\pago)
2026-06-19T14:18:06.108-04:00 DEBUG 34024 --- [pago] [main] com.pago.pago.PagoApplication            : Running with Spring Boot v4.0.6, Spring v7.0.7
2026-06-19T14:18:06.109-04:00  INFO 34024 --- [pago] [main] com.pago.pago.PagoApplication            : No active profile set, falling back to 1 default profile: "default"
2026-06-19T14:18:06.797-04:00  INFO 34024 --- [pago] [main] .s.d.r.c.RepositoryConfigurationDelegate : Bootstrapping Spring Data JPA repositories in DEFAULT mode.
2026-06-19T14:18:06.855-04:00  INFO 34024 --- [pago] [main] .s.d.r.c.RepositoryConfigurationDelegate : Finished Spring Data repository scanning in 46 ms. Found 1 JPA repository interface.
2026-06-19T14:18:07.365-04:00  INFO 34024 --- [pago] [main] o.s.boot.tomcat.TomcatWebServer          : Tomcat initialized with port 8084 (http)
2026-06-19T14:18:07.387-04:00  INFO 34024 --- [pago] [main] o.apache.catalina.core.StandardService   : Starting service [Tomcat]
2026-06-19T14:18:07.388-04:00  INFO 34024 --- [pago] [main] o.apache.catalina.core.StandardEngine    : Starting Servlet engine: [Apache Tomcat/11.0.21]
2026-06-19T14:18:07.476-04:00  INFO 34024 --- [pago] [main] b.w.c.s.WebApplicationContextInitializer : Root WebApplicationContext: initialization completed in 1315 ms
2026-06-19T14:18:07.656-04:00  INFO 34024 --- [pago] [main] com.zaxxer.hikari.HikariDataSource       : HikariPool-1 - Starting...
2026-06-19T14:18:07.859-04:00  INFO 34024 --- [pago] [main] com.zaxxer.hikari.pool.HikariPool        : HikariPool-1 - Added connection com.mysql.cj.jdbc.ConnectionImpl@27f3f512
2026-06-19T14:18:07.861-04:00  INFO 34024 --- [pago] [main] com.zaxxer.hikari.HikariDataSource       : HikariPool-1 - Start completed.
2026-06-19T14:18:09.575-04:00  INFO 34024 --- [pago] [main] liquibase.ui                             : INFO: The drop-all command may result in unrecoverable destructive changes to objects at 'jdbc:mysql://localhost:3306/dbpago?createDatabaseIfNotExist=true'.
To protect against unwanted drops, set --requireForce=true, which will require a --force=true flag on the command.
Learn more at https://docs.liquibase.com/dropall.

2026-06-19T14:18:09.824-04:00  INFO 34024 --- [pago] [main] liquibase.lockservice                    : Successfully acquired change log lock
2026-06-19T14:18:09.831-04:00  INFO 34024 --- [pago] [main] liquibase.command                        : Dropping Database Objects in schema: dbpago.dbpago
2026-06-19T14:18:09.836-04:00  INFO 34024 --- [pago] [main] liquibase.snapshot                       : Creating snapshot
2026-06-19T14:18:10.424-04:00  INFO 34024 --- [pago] [main] liquibase.database                       : Successfully deleted all supported object types in schema dbpago.dbpago.
2026-06-19T14:18:10.427-04:00  INFO 34024 --- [pago] [main] liquibase.snapshot                       : Creating snapshot
2026-06-19T14:18:10.429-04:00  WARN 34024 --- [pago] [main] liquibase.lockservice                    : Failed to release change log lock
2026-06-19T14:18:10.432-04:00  INFO 34024 --- [pago] [main] liquibase.ui                             : All objects dropped from root@localhost@jdbc:mysql://localhost:3306/dbpago?createDatabaseIfNotExist=true
2026-06-19T14:18:10.434-04:00  INFO 34024 --- [pago] [main] liquibase.command                        : Command execution complete
2026-06-19T14:18:10.494-04:00  INFO 34024 --- [pago] [main] liquibase.changelog                      : Creating database changelog table with name: dbpago.databasechangelog
2026-06-19T14:18:10.513-04:00  INFO 34024 --- [pago] [main] liquibase.changelog                      : Reading from dbpago.databasechangelog
2026-06-19T14:18:10.520-04:00  INFO 34024 --- [pago] [main] liquibase.snapshot                       : Creating snapshot
2026-06-19T14:18:10.548-04:00  INFO 34024 --- [pago] [main] liquibase.ui                             : Name 'PK_DATABASECHANGELOGLOCK' ignored for PRIMARY key.
2026-06-19T14:18:10.579-04:00  INFO 34024 --- [pago] [main] liquibase.lockservice                    : Successfully acquired change log lock
2026-06-19T14:18:10.581-04:00  INFO 34024 --- [pago] [main] liquibase.command                        : Using deploymentId: 1893087641
2026-06-19T14:18:10.583-04:00  INFO 34024 --- [pago] [main] liquibase.changelog                      : Reading from dbpago.databasechangelog
2026-06-19T14:18:10.594-04:00  INFO 34024 --- [pago] [main] liquibase.ui                             : Running Changeset: db/changelog/db.pago.sql::11::tomy
2026-06-19T14:18:10.616-04:00  INFO 34024 --- [pago] [main] liquibase.changelog                      : Custom SQL executed
2026-06-19T14:18:10.617-04:00  INFO 34024 --- [pago] [main] liquibase.changelog                      : ChangeSet db/changelog/db.pago.sql::11::tomy ran successfully in 22ms
2026-06-19T14:18:10.626-04:00  INFO 34024 --- [pago] [main] liquibase.ui                             : Running Changeset: db/changelog/db.pago.sql::12::tomy
2026-06-19T14:18:10.636-04:00  INFO 34024 --- [pago] [main] liquibase.changelog                      : Custom SQL executed
2026-06-19T14:18:10.638-04:00  INFO 34024 --- [pago] [main] liquibase.changelog                      : ChangeSet db/changelog/db.pago.sql::12::tomy ran successfully in 10ms
2026-06-19T14:18:10.650-04:00  INFO 34024 --- [pago] [main] liquibase.util                           : UPDATE SUMMARY
2026-06-19T14:18:10.651-04:00  INFO 34024 --- [pago] [main] liquibase.util                           : Run:                          2
2026-06-19T14:18:10.651-04:00  INFO 34024 --- [pago] [main] liquibase.util                           : Previously run:               0
2026-06-19T14:18:10.652-04:00  INFO 34024 --- [pago] [main] liquibase.util                           : Filtered out:                 0
2026-06-19T14:18:10.652-04:00  INFO 34024 --- [pago] [main] liquibase.util                           : -------------------------------
2026-06-19T14:18:10.652-04:00  INFO 34024 --- [pago] [main] liquibase.util                           : Total change sets:            2
2026-06-19T14:18:10.653-04:00  INFO 34024 --- [pago] [main] liquibase.util                           : Update summary generated
2026-06-19T14:18:10.656-04:00  INFO 34024 --- [pago] [main] liquibase.command                        : Update command completed successfully.
2026-06-19T14:18:10.657-04:00  INFO 34024 --- [pago] [main] liquibase.ui                             : Liquibase: Update has been successful. Rows affected: 10
2026-06-19T14:18:10.662-04:00  INFO 34024 --- [pago] [main] liquibase.lockservice                    : Successfully released change log lock
2026-06-19T14:18:10.663-04:00  INFO 34024 --- [pago] [main] liquibase.command                        : Command execution complete
2026-06-19T14:18:10.769-04:00  INFO 34024 --- [pago] [main] org.hibernate.orm.jpa                    : HHH008540: Processing PersistenceUnitInfo [name: default]
2026-06-19T14:18:10.853-04:00  INFO 34024 --- [pago] [main] org.hibernate.orm.core                   : HHH000001: Hibernate ORM core version 7.2.12.Final
2026-06-19T14:18:11.405-04:00  INFO 34024 --- [pago] [main] o.s.o.j.p.SpringPersistenceUnitInfo      : No LoadTimeWeaver setup: ignoring JPA class transformer
2026-06-19T14:18:11.486-04:00  WARN 34024 --- [pago] [main] org.hibernate.orm.core                   : HHH000511: The 5.5.5 version for [org.hibernate.dialect.MySQLDialect] is no longer supported, hence certain features may not work properly.The minimum supported version is 8.0.0. Check the community dialects project for available legacy versions.
2026-06-19T14:18:11.503-04:00  INFO 34024 --- [pago] [main] org.hibernate.orm.connections.pooling    : HHH10001005: Database info:
	Database JDBC URL [jdbc:mysql://localhost:3306/dbpago?createDatabaseIfNotExist=true]
	Database driver: MySQL Connector/J
	Database dialect: MySQLDialect
	Database version: 5.5.5
	Default catalog/schema: dbpago/undefined
	Autocommit mode: undefined/unknown
	Isolation level: REPEATABLE_READ [default REPEATABLE_READ]
	JDBC fetch size: none
	Pool: DataSourceConnectionProvider
	Minimum pool size: undefined/unknown
	Maximum pool size: undefined/unknown
2026-06-19T14:18:12.382-04:00  INFO 34024 --- [pago] [main] org.hibernate.orm.core                   : HHH000489: No JTA platform available (set 'hibernate.transaction.jta.platform' to enable JTA platform integration)
2026-06-19T14:18:12.395-04:00  INFO 34024 --- [pago] [main] j.LocalContainerEntityManagerFactoryBean : Initialized JPA EntityManagerFactory for persistence unit 'default'
2026-06-19T14:18:12.503-04:00  INFO 34024 --- [pago] [main] o.s.d.j.r.query.QueryEnhancerFactories   : Hibernate is in classpath; If applicable, HQL parser will be used.
2026-06-19T14:18:14.705-04:00  WARN 34024 --- [pago] [main] JpaBaseConfiguration$JpaWebConfiguration : spring.jpa.open-in-view is enabled by default. Therefore, database queries may be performed during view rendering. Explicitly configure spring.jpa.open-in-view to disable this warning
2026-06-19T14:18:15.192-04:00  INFO 34024 --- [pago] [main] o.s.boot.tomcat.TomcatWebServer          : Tomcat started on port 8084 (http) with context path '/'
2026-06-19T14:18:15.201-04:00  INFO 34024 --- [pago] [main] com.pago.pago.PagoApplication            : Started PagoApplication in 9.616 seconds (process running for 10.014)
2026-06-19T14:18:35.263-04:00  INFO 34024 --- [pago] [http-nio-8084-exec-2] o.a.c.c.C.[Tomcat].[localhost].[/]       : Initializing Spring DispatcherServlet 'dispatcherServlet'
2026-06-19T14:18:35.264-04:00  INFO 34024 --- [pago] [http-nio-8084-exec-2] o.s.web.servlet.DispatcherServlet        : Initializing Servlet 'dispatcherServlet'
2026-06-19T14:18:35.265-04:00  INFO 34024 --- [pago] [http-nio-8084-exec-2] o.s.web.servlet.DispatcherServlet        : Completed initialization in 1 ms
2026-06-19T15:31:16.212-04:00  WARN 34024 --- [pago] [HikariPool-1:housekeeper] com.zaxxer.hikari.pool.PoolBase          : HikariPool-1 - Failed to validate connection com.mysql.cj.jdbc.ConnectionImpl@45248c5b (No operations allowed after connection closed.). Possibly consider using a shorter maxLifetime value.
